// Jest Snapshot v1, https://goo.gl/fbAQLP

exports[`lib/mailchimp calls the correct endpoint with the correct payload 1`] = `
Object {
  "calls": Array [
    Array [
      "https://us001.api.mailchimp.com/3.0/lists/TEST_MAILCHIMP_LIST_ID/members/0c17bf66e649070167701d2d3cd71711",
      Object {
        "email_address": "test@example.org",
        "email_type": "html",
        "merge_fields": Object {
          "FNAME": "Test",
          "GITHUB": "testuser",
          "LNAME": "User",
        },
        "status_if_new": "subscribed",
      },
      Object {
        "auth": Object {
          "password": "TEST_MAILCHIMP_API_KEY",
          "username": "apikey",
        },
      },
    ],
  ],
  "instances": Array [
    undefined,
  ],
  "invocationCallOrder": Array [
    1,
  ],
  "results": Array [
    Object {
      "isThrow": false,
      "value": [Function],
    },
  ],
}
`;
